// Jest Snapshot v1, https://goo.gl/fbAQLP

exports[`<Login /> with no props should match the snapshot 1`] = `"<form class=\\"text-center\\"><div class=\\"form-group\\"><input type=\\"email\\" class=\\"form-control\\" placeholder=\\"Your Email\\" value=\\"\\" required=\\"\\"/></div><div class=\\"form-group\\"><input type=\\"password\\" class=\\"form-control\\" placeholder=\\"Your Password\\" value=\\"\\" required=\\"\\"/></div><div><input type=\\"submit\\" class=\\"btn btn-primary \\" value=\\"Signin\\"/></div></form>"`;
